Learning case 1
What does the word "hi" mean?
What does the sentence "say hi to everybody" mean?
What does the sentence "hello joe" mean?
What does the word "swerc" mean?

Learning case 2
What does the word "Hello" mean?
What does the sentence "Hello Joe" mean?
What does the word "how" mean?
What does the word "are" mean?
What does the word "you" mean?
What does the sentence "how are you" mean?
What does the word "friend" mean?
What does the sentence "Are you my friend" mean?
What does the word "Last" mean?
What does the word "day" mean?
What does the word "told" mean?
What does the word "me" mean?
What does the sentence "Last day you told me" mean?
What does the word "also" mean?
What does the sentence "You also told me" mean?
What does the sentence "How are you my friend" mean?
